2026-10-03 21:38:48,615 - utils.translator - INFO - Loaded locale: en
2026-10-03 21:38:48,616 - utils.translator - INFO - Loaded locale: ru
2026-10-03 21:38:48,618 - __main__ - INFO - Запуск бота...
2026-10-03 21:38:50,725 - __main__ - INFO - Команды бота зарегистрированы
2026-10-03 21:38:50,728 - __main__ - INFO - Бот успешно инициализирован
2026-10-03 21:38:50,729 - __main__ - INFO - Бот запущен и готов к работе! Нажмите Ctrl+C для остановки.
2026-10-03 21:38:51,003 - utils.storage_utils - INFO - Bot storage file storage/bot_storage.json doesn't exist, creating empty storage
2026-10-03 21:38:51,003 - utils.storage_utils - INFO - Bot storage file storage/bot_storage.json doesn't exist, creating empty storage
2026-10-03 21:38:51,006 - routers.commands - INFO - Пользователь 8042085312 запустил бота
2026-10-03 21:38:51,055 - utils.storage_utils - INFO - Bot storage file storage/bot_storage.json doesn't exist, creating empty storage
2026-10-03 21:38:51,056 - utils.storage_utils - INFO - Storage file storage/user_storage.json doesn't exist, creating empty storage
2026-10-03 21:38:51,057 - utils.storage_utils - INFO - User 8042085312 not found in storage
2026-10-03 21:38:57,643 - utils.storage_utils - INFO - Bot storage file storage/bot_storage.json doesn't exist, creating empty storage
2026-10-03 21:38:57,644 - utils.storage_utils - INFO - Bot storage file storage/bot_storage.json doesn't exist, creating empty storage
2026-10-03 21:38:57,646 - routers.language - INFO - Пользователь 8042085312 выбрал язык: ru
2026-10-03 21:38:57,648 - utils.storage_utils - INFO - Bot storage file storage/bot_storage.json doesn't exist, creating empty storage
2026-10-03 21:38:57,650 - utils.storage_utils - INFO - Saved bot data to storage
2026-10-03 21:38:57,650 - utils.storage_utils - INFO - Set language for user 8042085312: ru
2026-10-03 21:38:59,766 - utils.storage_utils - INFO - Loaded bot data from storage
2026-10-03 21:38:59,767 - utils.storage_utils - INFO - Loaded bot data from storage
2026-10-03 21:38:59,769 - routers.commands - INFO - Пользователь 8042085312 запросил создание новой почты
2026-10-03 21:38:59,770 - utils.storage_utils - INFO - Storage file storage/user_storage.json doesn't exist, creating empty storage
2026-10-03 21:38:59,772 - utils.storage_utils - INFO - User 8042085312 not found in storage
2026-10-03 21:38:59,841 - services.api_client - INFO - Generating new email address
2026-10-03 21:38:59,842 - services.api_client - INFO - Making GET request to https://api.mail.gw/domains
2026-10-03 21:39:00,186 - services.api_client - ERROR - Request failed with status 502: https://api.mail.gw/domains
2026-10-03 21:39:00,186 - services.api_client - INFO - Domains API response: None
2026-10-03 21:39:00,188 - services.api_client - ERROR - No domains found in response: None
2026-10-03 21:39:00,189 - services.api_client - ERROR - No domains available for email generation
2026-10-03 21:39:03,930 - utils.storage_utils - INFO - Loaded bot data from storage
2026-10-03 21:39:03,931 - utils.storage_utils - INFO - Loaded bot data from storage
2026-10-03 21:39:03,933 - routers.commands - INFO - Пользователь 8042085312 запросил просмотр писем
2026-10-03 21:39:03,934 - utils.storage_utils - INFO - Storage file storage/user_storage.json doesn't exist, creating empty storage
2026-10-03 21:39:03,935 - utils.storage_utils - INFO - User 8042085312 not found in storage
2026-10-03 21:39:04,820 - utils.storage_utils - INFO - Loaded bot data from storage
2026-10-03 21:39:04,821 - utils.storage_utils - INFO - Storage file storage/user_storage.json doesn't exist, creating empty storage
2026-10-03 21:39:04,823 - utils.storage_utils - INFO - User 8042085312 not found in storage
2026-10-03 21:39:06,678 - utils.storage_utils - INFO - Loaded bot data from storage
2026-10-03 21:39:06,679 - utils.storage_utils - INFO - Loaded bot data from storage
2026-10-03 21:39:06,680 - routers.commands - INFO - Пользователь 8042085312 запросил удаление почты
2026-10-03 21:39:06,681 - utils.storage_utils - INFO - Storage file storage/user_storage.json doesn't exist, creating empty storage
2026-10-03 21:39:06,681 - utils.storage_utils - INFO - User 8042085312 not found in storage
2026-10-03 21:39:07,926 - utils.storage_utils - INFO - Loaded bot data from storage
2026-10-03 21:39:07,927 - utils.storage_utils - INFO - Storage file storage/user_storage.json doesn't exist, creating empty storage
2026-10-03 21:39:07,929 - utils.storage_utils - INFO - User 8042085312 not found in storage
2026-10-03 21:39:09,802 - utils.storage_utils - INFO - Loaded bot data from storage
2026-10-03 21:39:09,803 - utils.storage_utils - INFO - Loaded bot data from storage
2026-10-03 21:39:09,806 - routers.commands - INFO - Пользователь 8042085312 запросил создание новой почты
2026-10-03 21:39:09,807 - utils.storage_utils - INFO - Storage file storage/user_storage.json doesn't exist, creating empty storage
2026-10-03 21:39:09,808 - utils.storage_utils - INFO - User 8042085312 not found in storage
2026-10-03 21:39:09,882 - services.api_client - INFO - Generating new email address
2026-10-03 21:39:09,883 - services.api_client - INFO - Making GET request to https://api.mail.gw/domains
2026-10-03 21:39:10,029 - services.api_client - ERROR - Request failed with status 502: https://api.mail.gw/domains
2026-10-03 21:39:10,029 - services.api_client - INFO - Domains API response: None
2026-10-03 21:39:10,031 - services.api_client - ERROR - No domains found in response: None
2026-10-03 21:39:10,032 - services.api_client - ERROR - No domains available for email generation
2026-10-03 21:46:41,889 - asyncio - ERROR - Task exception was never retrieved
future: <Task finished name='Task-85' coro=<shutdown_handler() done, defined at C:\Users\t7819\OneDrive\Desktop\PochtaBot @skladmaterialov\bot.py:43> exception=AttributeError("'int' object has no attribute 'name'")>
Traceback (most recent call last):
  File "C:\Users\t7819\OneDrive\Desktop\PochtaBot @skladmaterialov\bot.py", line 46, in shutdown_handler
    # API повертає список у полі 'hydra:member'
AttributeError: 'int' object has no attribute 'name'
2026-10-03 21:46:44,037 - asyncio - ERROR - Task exception was never retrieved
future: <Task finished name='Task-87' coro=<shutdown_handler() done, defined at C:\Users\t7819\OneDrive\Desktop\PochtaBot @skladmaterialov\bot.py:43> exception=AttributeError("'int' object has no attribute 'name'")>
Traceback (most recent call last):
  File "C:\Users\t7819\OneDrive\Desktop\PochtaBot @skladmaterialov\bot.py", line 46, in shutdown_handler
    # API повертає список у полі 'hydra:member'
AttributeError: 'int' object has no attribute 'name'
2026-10-03 21:46:46,932 - asyncio - ERROR - Task exception was never retrieved
future: <Task finished name='Task-88' coro=<shutdown_handler() done, defined at C:\Users\t7819\OneDrive\Desktop\PochtaBot @skladmaterialov\bot.py:43> exception=AttributeError("'int' object has no attribute 'name'")>
Traceback (most recent call last):
  File "C:\Users\t7819\OneDrive\Desktop\PochtaBot @skladmaterialov\bot.py", line 46, in shutdown_handler
    # API повертає список у полі 'hydra:member'
AttributeError: 'int' object has no attribute 'name'
2026-10-03 21:46:47,601 - asyncio - ERROR - Task exception was never retrieved
future: <Task finished name='Task-89' coro=<shutdown_handler() done, defined at C:\Users\t7819\OneDrive\Desktop\PochtaBot @skladmaterialov\bot.py:43> exception=AttributeError("'int' object has no attribute 'name'")>
Traceback (most recent call last):
  File "C:\Users\t7819\OneDrive\Desktop\PochtaBot @skladmaterialov\bot.py", line 46, in shutdown_handler
    # API повертає список у полі 'hydra:member'
AttributeError: 'int' object has no attribute 'name'
2026-10-04 12:08:04,083 - utils.translator - INFO - Loaded locale: en
2026-10-04 12:08:04,084 - utils.translator - INFO - Loaded locale: ru
2026-10-04 12:08:04,085 - __main__ - INFO - Запуск бота...
2026-10-04 12:08:08,874 - __main__ - INFO - Команды бота зарегистрированы
2026-10-04 12:08:08,877 - __main__ - INFO - Бот успешно инициализирован
2026-10-04 12:08:08,878 - __main__ - INFO - Бот запущен и готов к работе! Нажмите Ctrl+C для остановки.
2026-10-04 12:08:09,297 - utils.storage_utils - INFO - Loaded bot data from storage
2026-10-04 12:08:09,298 - utils.storage_utils - INFO - Loaded bot data from storage
2026-10-04 12:08:09,299 - routers.commands - INFO - Пользователь 8042085312 запустил бота
2026-10-04 12:08:09,367 - utils.storage_utils - INFO - Loaded bot data from storage
2026-10-04 12:08:09,368 - utils.storage_utils - INFO - Storage file storage/user_storage.json doesn't exist, creating empty storage
2026-10-04 12:08:09,369 - utils.storage_utils - INFO - User 8042085312 not found in storage
2026-10-04 12:08:12,525 - utils.storage_utils - INFO - Loaded bot data from storage
2026-10-04 12:08:12,526 - utils.storage_utils - INFO - Loaded bot data from storage
2026-10-04 12:08:12,526 - routers.language - INFO - Пользователь 8042085312 выбрал язык: ru
2026-10-04 12:08:12,527 - utils.storage_utils - INFO - Loaded bot data from storage
2026-10-04 12:08:12,528 - utils.storage_utils - INFO - Saved bot data to storage
2026-10-04 12:08:12,529 - utils.storage_utils - INFO - Set language for user 8042085312: ru
2026-10-04 12:08:15,688 - utils.storage_utils - INFO - Loaded bot data from storage
2026-10-04 12:08:15,689 - utils.storage_utils - INFO - Loaded bot data from storage
2026-10-04 12:08:15,690 - routers.commands - INFO - Пользователь 8042085312 запросил создание новой почты
2026-10-04 12:08:15,711 - utils.storage_utils - INFO - Storage file storage/user_storage.json doesn't exist, creating empty storage
2026-10-04 12:08:15,711 - utils.storage_utils - INFO - User 8042085312 not found in storage
2026-10-04 12:08:15,788 - services.api_client - INFO - Generating new email address
2026-10-04 12:08:15,788 - services.api_client - INFO - Making GET request to https://api.mail.gw/domains
2026-10-04 12:08:16,609 - services.api_client - ERROR - Request failed with status 502: https://api.mail.gw/domains
2026-10-04 12:08:16,610 - services.api_client - INFO - Domains API response: None
2026-10-04 12:08:16,623 - services.api_client - ERROR - No domains found in response: None
2026-10-04 12:08:16,624 - services.api_client - ERROR - No domains available for email generation
2026-10-04 12:10:16,010 - utils.storage_utils - INFO - Loaded bot data from storage
2026-10-04 12:10:16,011 - utils.storage_utils - INFO - Loaded bot data from storage
2026-10-04 12:10:16,013 - routers.commands - INFO - Пользователь 8042085312 запросил создание новой почты
2026-10-04 12:10:16,014 - utils.storage_utils - INFO - Storage file storage/user_storage.json doesn't exist, creating empty storage
2026-10-04 12:10:16,016 - utils.storage_utils - INFO - User 8042085312 not found in storage
2026-10-04 12:10:16,084 - services.api_client - INFO - Generating new email address
2026-10-04 12:10:16,085 - services.api_client - INFO - Making GET request to https://api.mail.gw/domains
2026-10-04 12:10:16,232 - services.api_client - ERROR - Request failed with status 502: https://api.mail.gw/domains
2026-10-04 12:10:16,232 - services.api_client - INFO - Domains API response: None
2026-10-04 12:10:16,235 - services.api_client - ERROR - No domains found in response: None
2026-10-04 12:10:16,236 - services.api_client - ERROR - No domains available for email generation
2026-10-04 12:10:17,717 - utils.storage_utils - INFO - Loaded bot data from storage
2026-10-04 12:10:17,717 - utils.storage_utils - INFO - Storage file storage/user_storage.json doesn't exist, creating empty storage
2026-10-04 12:10:17,719 - utils.storage_utils - INFO - User 8042085312 not found in storage
2026-10-04 12:10:19,340 - utils.storage_utils - INFO - Loaded bot data from storage
2026-10-04 12:10:19,340 - utils.storage_utils - INFO - Loaded bot data from storage
2026-10-04 12:10:19,342 - routers.commands - INFO - Пользователь 8042085312 запросил удаление почты
2026-10-04 12:10:19,343 - utils.storage_utils - INFO - Storage file storage/user_storage.json doesn't exist, creating empty storage
2026-10-04 12:10:19,344 - utils.storage_utils - INFO - User 8042085312 not found in storage
2026-10-04 12:10:21,348 - utils.storage_utils - INFO - Loaded bot data from storage
2026-10-04 12:10:21,349 - utils.storage_utils - INFO - Loaded bot data from storage
2026-10-04 12:10:21,351 - routers.commands - INFO - Пользователь 8042085312 запросил просмотр писем
2026-10-04 12:10:21,352 - utils.storage_utils - INFO - Storage file storage/user_storage.json doesn't exist, creating empty storage
2026-10-04 12:10:21,353 - utils.storage_utils - INFO - User 8042085312 not found in storage
2026-10-04 12:10:23,666 - utils.storage_utils - INFO - Loaded bot data from storage
2026-10-04 12:10:23,667 - utils.storage_utils - INFO - Loaded bot data from storage
2026-10-04 12:10:23,669 - routers.commands - INFO - Пользователь 8042085312 запросил создание новой почты
2026-10-04 12:10:23,670 - utils.storage_utils - INFO - Storage file storage/user_storage.json doesn't exist, creating empty storage
2026-10-04 12:10:23,671 - utils.storage_utils - INFO - User 8042085312 not found in storage
2026-10-04 12:10:23,740 - services.api_client - INFO - Generating new email address
2026-10-04 12:10:23,740 - services.api_client - INFO - Making GET request to https://api.mail.gw/domains
2026-10-04 12:10:23,895 - services.api_client - ERROR - Request failed with status 502: https://api.mail.gw/domains
2026-10-04 12:10:23,895 - services.api_client - INFO - Domains API response: None
2026-10-04 12:10:23,897 - services.api_client - ERROR - No domains found in response: None
2026-10-04 12:10:23,898 - services.api_client - ERROR - No domains available for email generation
2026-10-04 12:21:50,733 - asyncio - ERROR - Task exception was never retrieved
future: <Task finished name='Task-123' coro=<shutdown_handler() done, defined at C:\Users\t7819\OneDrive\Desktop\PochtaBot @skladmaterialov\bot.py:43> exception=AttributeError("'int' object has no attribute 'name'")>
Traceback (most recent call last):
  File "C:\Users\t7819\OneDrive\Desktop\PochtaBot @skladmaterialov\bot.py", line 46, in shutdown_handler
    logger.info(f"Получен сигнал {signal_received.name}. Завершение работы...")
                                  ^^^^^^^^^^^^^^^^^^^^
AttributeError: 'int' object has no attribute 'name'
2026-10-04 12:32:33,628 - asyncio - ERROR - Task exception was never retrieved
future: <Task finished name='Task-188' coro=<shutdown_handler() done, defined at C:\Users\t7819\OneDrive\Desktop\PochtaBot @skladmaterialov\bot.py:43> exception=AttributeError("'int' object has no attribute 'name'")>
Traceback (most recent call last):
  File "C:\Users\t7819\OneDrive\Desktop\PochtaBot @skladmaterialov\bot.py", line 46, in shutdown_handler
    # Загрузка локалей
AttributeError: 'int' object has no attribute 'name'
2026-10-04 12:32:49,728 - utils.translator - INFO - Loaded locale: en
2026-10-04 12:32:49,728 - utils.translator - INFO - Loaded locale: ru
2026-10-04 12:32:49,728 - __main__ - INFO - Запуск бота...
2026-10-04 12:32:50,250 - __main__ - INFO - Команды бота зарегистрированы
2026-10-04 12:32:50,252 - __main__ - INFO - Бот успешно инициализирован
2026-10-04 12:32:50,253 - __main__ - INFO - Бот запущен и готов к работе! Нажмите Ctrl+C для остановки.
2026-10-04 12:33:02,048 - utils.storage_utils - INFO - Loaded bot data from storage
2026-10-04 12:33:02,049 - utils.storage_utils - INFO - Loaded bot data from storage
2026-10-04 12:33:02,050 - routers.commands - INFO - Пользователь 8042085312 запросил создание новой почты
2026-10-04 12:33:02,050 - utils.storage_utils - INFO - Storage file storage/user_storage.json doesn't exist, creating empty storage
2026-10-04 12:33:02,050 - utils.storage_utils - INFO - User 8042085312 not found in storage
2026-10-04 12:33:02,225 - services.api_client - INFO - Generating new email address
2026-10-04 12:33:02,225 - services.api_client - INFO - Making GET request to https://api.mail.gw/domains
2026-10-04 12:33:02,385 - services.api_client - ERROR - Request failed with status 502: https://api.mail.gw/domains
2026-10-04 12:33:02,386 - services.api_client - INFO - Domains API response: None
2026-10-04 12:33:02,386 - services.api_client - ERROR - No domains found in response: None
2026-10-04 12:33:02,386 - services.api_client - ERROR - No domains available for email generation
2026-10-04 12:33:05,267 - utils.storage_utils - INFO - Loaded bot data from storage
2026-10-04 12:33:05,267 - utils.storage_utils - INFO - Loaded bot data from storage
2026-10-04 12:33:05,267 - routers.commands - INFO - Пользователь 8042085312 запросил удаление почты
2026-10-04 12:33:05,268 - utils.storage_utils - INFO - Storage file storage/user_storage.json doesn't exist, creating empty storage
2026-10-04 12:33:05,268 - utils.storage_utils - INFO - User 8042085312 not found in storage
2026-10-04 12:33:13,743 - utils.storage_utils - INFO - Loaded bot data from storage
2026-10-04 12:33:13,744 - utils.storage_utils - INFO - Loaded bot data from storage
2026-10-04 12:33:13,745 - routers.admin - INFO - Администратор 8042085312 открыл админ-панель
2026-10-04 12:33:16,510 - utils.storage_utils - INFO - Loaded bot data from storage
2026-10-04 12:33:16,511 - utils.storage_utils - INFO - Loaded bot data from storage
2026-10-04 12:33:22,953 - utils.storage_utils - INFO - Loaded bot data from storage
2026-10-04 12:33:22,954 - utils.storage_utils - INFO - Loaded bot data from storage
2026-10-04 12:33:22,955 - routers.admin - INFO - Администратор 8042085312 начал рассылку: ipi...
2026-10-04 12:33:22,956 - utils.storage_utils - INFO - Storage file storage/user_storage.json doesn't exist, creating empty storage
2026-10-04 12:33:28,499 - utils.storage_utils - INFO - Loaded bot data from storage
2026-10-04 12:33:28,499 - utils.storage_utils - INFO - Loaded bot data from storage
2026-10-04 12:33:28,501 - routers.admin - INFO - Администратор 8042085312 запросил статистику
2026-10-04 12:33:28,502 - utils.storage_utils - INFO - Loaded bot data from storage
2026-10-04 12:33:28,503 - utils.storage_utils - INFO - Saved bot data to storage
2026-10-04 12:33:28,504 - utils.storage_utils - INFO - Storage file storage/user_storage.json doesn't exist, creating empty storage
2026-10-04 12:33:28,504 - utils.storage_utils - INFO - Loaded bot data from storage
2026-10-04 12:33:28,506 - utils.storage_utils - INFO - Saved bot data to storage
2026-10-04 12:33:28,506 - utils.storage_utils - INFO - Updated bot stats: ['total_users', 'created_emails', 'total_broadcasts', 'created_at']
2026-10-04 12:33:28,507 - utils.storage_utils - INFO - Loaded bot data from storage
2026-10-04 12:35:36,726 - aiogram.dispatcher - ERROR - Failed to fetch updates - TelegramNetworkError: HTTP Client says - ServerDisconnectedError: Server disconnected
2026-10-04 12:35:36,726 - aiogram.dispatcher - WARNING - Sleep for 1.000000 seconds and try again... (tryings = 0, bot id = 8578623874)
2026-10-04 12:35:36,987 - __main__ - INFO - Закрытие сессии бота...
2026-10-04 12:35:36,987 - __main__ - INFO - Бот остановлен
2026-10-04 12:35:37,023 - root - INFO - Бот остановлен вручную
2026-10-04 12:35:51,596 - utils.translator - INFO - Loaded locale: en
2026-10-04 12:35:51,596 - utils.translator - INFO - Loaded locale: ru
2026-10-04 12:35:51,598 - __main__ - INFO - Запуск бота...
2026-10-04 12:35:52,106 - __main__ - INFO - Команды бота зарегистрированы
2026-10-04 12:35:52,107 - __main__ - INFO - Бот успешно инициализирован
2026-10-04 12:35:52,109 - __main__ - INFO - Бот запущен и готов к работе! Нажмите Ctrl+C для остановки.
2026-10-04 12:35:54,301 - utils.storage_utils - INFO - Loaded bot data from storage
2026-10-04 12:35:54,302 - utils.storage_utils - INFO - Loaded bot data from storage
2026-10-04 12:35:54,304 - routers.admin - INFO - Администратор 8042085312 запросил статистику
2026-10-04 12:35:54,306 - utils.storage_utils - INFO - Loaded bot data from storage
2026-10-04 12:35:54,307 - utils.storage_utils - INFO - Storage file storage/user_storage.json doesn't exist, creating empty storage
2026-10-04 12:35:54,308 - utils.storage_utils - INFO - Loaded bot data from storage
2026-10-04 12:35:54,310 - utils.storage_utils - INFO - Saved bot data to storage
2026-10-04 12:35:54,311 - utils.storage_utils - INFO - Updated bot stats: ['total_users', 'created_emails', 'total_broadcasts', 'created_at', 'updated_at']
2026-10-04 12:35:54,312 - utils.storage_utils - INFO - Loaded bot data from storage
2026-10-04 12:35:56,740 - utils.storage_utils - INFO - Loaded bot data from storage
2026-10-04 12:35:56,741 - utils.storage_utils - INFO - Loaded bot data from storage
2026-10-04 12:35:56,742 - routers.commands - INFO - Пользователь 8042085312 запустил бота
2026-10-04 12:35:58,338 - utils.storage_utils - INFO - Loaded bot data from storage
2026-10-04 12:35:58,339 - utils.storage_utils - INFO - Loaded bot data from storage
2026-10-04 12:35:58,340 - routers.language - INFO - Пользователь 8042085312 выбрал язык: ru
2026-10-04 12:35:58,341 - utils.storage_utils - INFO - Loaded bot data from storage
2026-10-04 12:35:58,345 - utils.storage_utils - INFO - Saved bot data to storage
2026-10-04 12:35:58,346 - utils.storage_utils - INFO - Set language for user 8042085312: ru
2026-10-04 12:35:59,858 - utils.storage_utils - INFO - Loaded bot data from storage
2026-10-04 12:35:59,860 - utils.storage_utils - INFO - Loaded bot data from storage
2026-10-04 12:35:59,861 - routers.commands - INFO - Пользователь 8042085312 запросил создание новой почты
2026-10-04 12:35:59,863 - utils.storage_utils - INFO - Storage file storage/user_storage.json doesn't exist, creating empty storage
2026-10-04 12:35:59,863 - utils.storage_utils - INFO - User 8042085312 not found in storage
2026-10-04 12:36:00,122 - services.api_client - INFO - Generating new email address via 1secmail
2026-10-04 12:36:00,123 - services.api_client - INFO - Making GET request to 1secmail with params: {'action': 'getDomainList'}
2026-10-04 12:36:00,460 - services.api_client - ERROR - 1secmail request failed with status 403
2026-10-04 12:36:00,460 - services.api_client - ERROR - No domains found in response: None
2026-10-04 12:36:00,462 - services.api_client - ERROR - No domains available for email generation
2026-10-04 12:37:15,806 - aiogram.dispatcher - ERROR - Failed to fetch updates - TelegramNetworkError: HTTP Client says - ServerDisconnectedError: Server disconnected
2026-10-04 12:37:15,807 - aiogram.dispatcher - WARNING - Sleep for 1.000000 seconds and try again... (tryings = 0, bot id = 8578623874)
2026-10-04 12:37:16,076 - __main__ - INFO - Закрытие сессии бота...
2026-10-04 12:37:16,077 - __main__ - INFO - Бот остановлен
2026-10-04 12:37:16,081 - root - INFO - Бот остановлен вручную
2026-10-04 12:37:23,955 - utils.translator - INFO - Loaded locale: en
2026-10-04 12:37:23,955 - utils.translator - INFO - Loaded locale: ru
2026-10-04 12:37:23,957 - __main__ - INFO - Запуск бота...
2026-10-04 12:37:24,478 - __main__ - INFO - Команды бота зарегистрированы
2026-10-04 12:37:24,480 - __main__ - INFO - Бот успешно инициализирован
2026-10-04 12:37:24,480 - __main__ - INFO - Бот запущен и готов к работе! Нажмите Ctrl+C для остановки.
2026-10-04 12:37:26,260 - utils.storage_utils - INFO - Loaded bot data from storage
2026-10-04 12:37:26,261 - utils.storage_utils - INFO - Loaded bot data from storage
2026-10-04 12:37:26,263 - routers.commands - INFO - Пользователь 8042085312 запросил создание новой почты
2026-10-04 12:37:26,264 - utils.storage_utils - INFO - Storage file storage/user_storage.json doesn't exist, creating empty storage
2026-10-04 12:37:26,264 - utils.storage_utils - INFO - User 8042085312 not found in storage
2026-10-04 12:37:26,425 - services.api_client - INFO - Generating new email address via 1secmail
2026-10-04 12:37:26,426 - services.api_client - INFO - Making GET request to https://www.1secmail.com/api/v1/ with params: {'action': 'getDomainList'}
2026-10-04 12:37:26,618 - services.api_client - WARNING - Request to https://www.1secmail.com/api/v1/ failed with status 403
2026-10-04 12:37:26,619 - services.api_client - INFO - Making GET request to https://www.1secmail.org/api/v1/ with params: {'action': 'getDomainList'}
2026-10-04 12:37:26,783 - services.api_client - WARNING - Error requesting https://www.1secmail.org/api/v1/: Cannot connect to host www.1secmail.org:443 ssl:True [SSLCertVerificationError: (1, "[SSL: CERTIFICATE_VERIFY_FAILED] certificate verify failed: Hostname mismatch, certificate is not valid for 'www.1secmail.org'. (_ssl.c:1081)")]
2026-10-04 12:37:26,783 - services.api_client - INFO - Making GET request to https://www.1secmail.net/api/v1/ with params: {'action': 'getDomainList'}
2026-10-04 12:37:26,974 - services.api_client - WARNING - Error requesting https://www.1secmail.net/api/v1/: Cannot connect to host www.1secmail.net:443 ssl:True [SSLCertVerificationError: (1, "[SSL: CERTIFICATE_VERIFY_FAILED] certificate verify failed: Hostname mismatch, certificate is not valid for 'www.1secmail.net'. (_ssl.c:1081)")]
2026-10-04 12:37:26,975 - services.api_client - ERROR - All 1secmail API mirrors failed
2026-10-04 12:37:26,977 - services.api_client - ERROR - No domains found in response: None
2026-10-04 12:37:26,978 - services.api_client - ERROR - No domains available for email generation
2026-10-04 12:47:42,106 - aiogram.dispatcher - ERROR - Failed to fetch updates - TelegramNetworkError: HTTP Client says - ServerDisconnectedError: Server disconnected
2026-10-04 12:47:42,107 - aiogram.dispatcher - WARNING - Sleep for 1.000000 seconds and try again... (tryings = 0, bot id = 8578623874)
2026-10-04 12:47:42,367 - __main__ - INFO - Закрытие сессии бота...
2026-10-04 12:47:42,367 - __main__ - INFO - Бот остановлен
2026-10-04 12:47:42,372 - root - INFO - Бот остановлен вручную
2026-10-04 12:47:51,861 - utils.translator - INFO - Loaded locale: en
2026-10-04 12:47:51,862 - utils.translator - INFO - Loaded locale: ru
2026-10-04 12:47:51,864 - __main__ - INFO - Запуск бота...
2026-10-04 12:47:52,384 - __main__ - INFO - Команды бота зарегистрированы
2026-10-04 12:47:52,386 - __main__ - INFO - Бот успешно инициализирован
2026-10-04 12:47:52,387 - __main__ - INFO - Бот запущен и готов к работе! Нажмите Ctrl+C для остановки.
2026-10-04 12:47:57,382 - utils.storage_utils - INFO - Loaded bot data from storage
2026-10-04 12:47:57,383 - utils.storage_utils - INFO - Loaded bot data from storage
2026-10-04 12:47:57,385 - routers.commands - INFO - Пользователь 8042085312 запросил создание новой почты
2026-10-04 12:47:57,386 - utils.storage_utils - INFO - Storage file storage/user_storage.json doesn't exist, creating empty storage
2026-10-04 12:47:57,387 - utils.storage_utils - INFO - User 8042085312 not found in storage
2026-10-04 12:47:57,547 - services.api_client - INFO - Generating new email address via 1secmail
2026-10-04 12:47:57,548 - services.api_client - INFO - Making GET request to https://www.1secmail.com/api/v1/ with params: {'action': 'getDomainList'}
2026-10-04 12:47:57,742 - services.api_client - WARNING - Request to https://www.1secmail.com/api/v1/ failed with status 403
2026-10-04 12:47:57,742 - services.api_client - INFO - Making GET request to https://1secmail.org/api/v1/ with params: {'action': 'getDomainList'}
2026-10-04 12:47:58,026 - services.api_client - WARNING - Request to https://1secmail.org/api/v1/ failed with status 403
2026-10-04 12:47:58,027 - services.api_client - INFO - Making GET request to https://1secmail.net/api/v1/ with params: {'action': 'getDomainList'}
2026-10-04 12:47:58,305 - services.api_client - WARNING - Request to https://1secmail.net/api/v1/ failed with status 403
2026-10-04 12:47:58,306 - services.api_client - ERROR - All 1secmail API mirrors failed
2026-10-04 12:47:58,308 - services.api_client - ERROR - No domains found in response: None
2026-10-04 12:47:58,309 - services.api_client - ERROR - No domains available for email generation
2026-10-04 12:51:32,814 - aiogram.dispatcher - ERROR - Failed to fetch updates - TelegramNetworkError: HTTP Client says - ServerDisconnectedError: Server disconnected
2026-10-04 12:51:32,815 - aiogram.dispatcher - WARNING - Sleep for 1.000000 seconds and try again... (tryings = 0, bot id = 8578623874)
2026-10-04 12:51:33,082 - __main__ - INFO - Закрытие сессии бота...
2026-10-04 12:51:33,082 - __main__ - INFO - Бот остановлен
2026-10-04 12:51:33,087 - root - INFO - Бот остановлен вручную
2026-10-04 12:52:05,365 - utils.translator - INFO - Loaded locale: en
2026-10-04 12:52:05,365 - utils.translator - INFO - Loaded locale: ru
2026-10-04 12:52:05,367 - __main__ - INFO - Запуск бота...
2026-10-04 12:52:05,907 - __main__ - INFO - Команды бота зарегистрированы
2026-10-04 12:52:05,909 - __main__ - INFO - Бот успешно инициализирован
2026-10-04 12:52:05,910 - __main__ - INFO - Бот запущен и готов к работе! Нажмите Ctrl+C для остановки.
2026-10-04 12:52:12,494 - utils.storage_utils - INFO - Loaded bot data from storage
2026-10-04 12:52:12,495 - utils.storage_utils - INFO - Loaded bot data from storage
2026-10-04 12:52:12,497 - routers.commands - INFO - Пользователь 8042085312 запросил создание новой почты
2026-10-04 12:52:12,498 - utils.storage_utils - INFO - Storage file storage/user_storage.json doesn't exist, creating empty storage
2026-10-04 12:52:12,499 - utils.storage_utils - INFO - User 8042085312 not found in storage
2026-10-04 12:52:12,690 - services.api_client - INFO - Generating new email address via Guerrilla Mail
2026-10-04 12:52:12,690 - services.api_client - INFO - Making GET request to Guerrilla Mail with params: {'f': 'get_email_address'}
2026-10-04 12:52:12,881 - services.api_client - INFO - Generated email: mqnpdzli@guerrillamailblock.com
2026-10-04 12:52:12,882 - utils.storage_utils - INFO - Storage file storage/user_storage.json doesn't exist, creating empty storage
2026-10-04 12:52:12,885 - utils.storage_utils - INFO - Saved 1 users to storage
2026-10-04 12:52:12,886 - utils.storage_utils - INFO - Updated user 8042085312 with data: ['email', 'password', 'token', 'account_id', 'lang', 'updated_at', 'created_at']
2026-10-04 12:52:19,980 - utils.storage_utils - INFO - Loaded bot data from storage
2026-10-04 12:52:19,981 - utils.storage_utils - INFO - Loaded bot data from storage
2026-10-04 12:52:19,983 - routers.commands - INFO - Пользователь 8042085312 запросил просмотр писем
2026-10-04 12:52:19,985 - utils.storage_utils - INFO - Loaded 1 users from storage
2026-10-04 12:52:19,985 - utils.storage_utils - INFO - Retrieved user 8042085312: email={'email': 'mqnpdzli@guerrillamailblock.com', 'login': 'z4zk72+sy9m4dma41u8', 'domain': 'guerrillamailblock.com', 'sid_token': 'ot842bq81b725fetg86vh31s31'}
2026-10-04 12:52:20,075 - services.api_client - INFO - Making GET request to Guerrilla Mail with params: {'f': 'get_email_list', 'offset': 0, 'sid_token': {'email': 'mqnpdzli@guerrillamailblock.com', 'login': 'z4zk72+sy9m4dma41u8', 'domain': 'guerrillamailblock.com', 'sid_token': 'ot842bq81b725fetg86vh31s31'}}
2026-10-04 12:52:20,076 - services.api_client - ERROR - Error requesting Guerrilla Mail: Invalid variable type: value should be str, int or float, got {'email': 'mqnpdzli@guerrillamailblock.com', 'login': 'z4zk72+sy9m4dma41u8', 'domain': 'guerrillamailblock.com', 'sid_token': 'ot842bq81b725fetg86vh31s31'} of type <class 'dict'>
2026-10-04 12:54:32,176 - aiogram.dispatcher - ERROR - Failed to fetch updates - TelegramNetworkError: HTTP Client says - ServerDisconnectedError: Server disconnected
2026-10-04 12:54:32,176 - aiogram.dispatcher - WARNING - Sleep for 1.000000 seconds and try again... (tryings = 0, bot id = 8578623874)
2026-10-04 12:54:32,436 - __main__ - INFO - Закрытие сессии бота...
2026-10-04 12:54:32,436 - __main__ - INFO - Бот остановлен
2026-10-04 12:54:32,439 - root - INFO - Бот остановлен вручную
2026-10-04 12:54:51,318 - utils.translator - INFO - Loaded locale: en
2026-10-04 12:54:51,319 - utils.translator - INFO - Loaded locale: ru
2026-10-04 12:54:51,321 - __main__ - INFO - Запуск бота...
2026-10-04 12:54:51,840 - __main__ - INFO - Команды бота зарегистрированы
2026-10-04 12:54:52,079 - asyncio - ERROR - Unclosed client session
client_session: <aiohttp.client.ClientSession object at 0x000002DBB656EA50>
2026-10-04 12:54:52,079 - asyncio - ERROR - Unclosed connector
connections: ['deque([(<aiohttp.client_proto.ResponseHandler object at 0x000002DBB65D0500>, 9100.5301388)])']
connector: <aiohttp.connector.TCPConnector object at 0x000002DBB656E7B0>
2026-10-04 12:56:56,813 - utils.translator - INFO - Loaded locale: en
2026-10-04 12:56:56,814 - utils.translator - INFO - Loaded locale: ru
2026-10-04 12:56:56,815 - __main__ - INFO - Запуск бота...
2026-10-04 12:56:57,325 - __main__ - INFO - Команды бота зарегистрированы
2026-10-04 12:56:57,327 - __main__ - INFO - Бот успешно инициализирован
2026-10-04 12:56:57,327 - __main__ - INFO - Бот запущен и готов к работе! Нажмите Ctrl+C для остановки.
2026-10-04 12:57:17,078 - utils.storage_utils - INFO - Loaded bot data from storage
2026-10-04 12:57:17,080 - utils.storage_utils - INFO - Loaded bot data from storage
2026-10-04 12:57:17,082 - routers.commands - INFO - Пользователь 8042085312 запросил просмотр писем
2026-10-04 12:57:17,083 - utils.storage_utils - INFO - Loaded 1 users from storage
2026-10-04 12:57:17,084 - utils.storage_utils - INFO - Retrieved user 8042085312: email={'email': 'mqnpdzli@guerrillamailblock.com', 'login': 'z4zk72+sy9m4dma41u8', 'domain': 'guerrillamailblock.com', 'sid_token': 'ot842bq81b725fetg86vh31s31'}
2026-10-04 12:57:17,257 - services.api_client - INFO - Making GET request to Guerrilla Mail with params: {'f': 'get_email_list', 'offset': 0, 'sid_token': {'email': 'mqnpdzli@guerrillamailblock.com', 'login': 'z4zk72+sy9m4dma41u8', 'domain': 'guerrillamailblock.com', 'sid_token': 'ot842bq81b725fetg86vh31s31'}}
2026-10-04 12:57:17,257 - services.api_client - ERROR - Error requesting Guerrilla Mail: Invalid variable type: value should be str, int or float, got {'email': 'mqnpdzli@guerrillamailblock.com', 'login': 'z4zk72+sy9m4dma41u8', 'domain': 'guerrillamailblock.com', 'sid_token': 'ot842bq81b725fetg86vh31s31'} of type <class 'dict'>
2026-10-04 12:57:23,039 - utils.storage_utils - INFO - Loaded bot data from storage
2026-10-04 12:57:23,040 - utils.storage_utils - INFO - Loaded bot data from storage
2026-10-04 12:57:23,042 - routers.commands - INFO - Пользователь 8042085312 запросил удаление почты
2026-10-04 12:57:23,044 - utils.storage_utils - INFO - Loaded 1 users from storage
2026-10-04 12:57:23,044 - utils.storage_utils - INFO - Retrieved user 8042085312: email={'email': 'mqnpdzli@guerrillamailblock.com', 'login': 'z4zk72+sy9m4dma41u8', 'domain': 'guerrillamailblock.com', 'sid_token': 'ot842bq81b725fetg86vh31s31'}
2026-10-04 12:57:24,432 - utils.storage_utils - INFO - Loaded bot data from storage
2026-10-04 12:57:24,433 - utils.storage_utils - INFO - Loaded bot data from storage
2026-10-04 12:57:24,435 - utils.storage_utils - INFO - Loaded 1 users from storage
2026-10-04 12:57:24,436 - utils.storage_utils - INFO - Retrieved user 8042085312: email={'email': 'mqnpdzli@guerrillamailblock.com', 'login': 'z4zk72+sy9m4dma41u8', 'domain': 'guerrillamailblock.com', 'sid_token': 'ot842bq81b725fetg86vh31s31'}
2026-10-04 12:57:24,437 - services.api_client - INFO - Guerrilla Mail session cleared for {'email': 'mqnpdzli@guerrillamailblock.com', 'login': 'z4zk72+sy9m4dma41u8', 'domain': 'guerrillamailblock.com', 'sid_token': 'ot842bq81b725fetg86vh31s31'}
2026-10-04 12:57:24,438 - utils.storage_utils - INFO - Loaded 1 users from storage
2026-10-04 12:57:24,440 - utils.storage_utils - INFO - Saved 0 users to storage
2026-10-04 12:57:24,440 - utils.storage_utils - INFO - Deleted user 8042085312 (email: {'email': 'mqnpdzli@guerrillamailblock.com', 'login': 'z4zk72+sy9m4dma41u8', 'domain': 'guerrillamailblock.com', 'sid_token': 'ot842bq81b725fetg86vh31s31'})
2026-10-04 12:57:26,865 - utils.storage_utils - INFO - Loaded bot data from storage
2026-10-04 12:57:26,866 - utils.storage_utils - INFO - Loaded bot data from storage
2026-10-04 12:57:26,868 - routers.commands - INFO - Пользователь 8042085312 запросил создание новой почты
2026-10-04 12:57:26,870 - utils.storage_utils - INFO - Loaded 0 users from storage
2026-10-04 12:57:26,870 - utils.storage_utils - INFO - User 8042085312 not found in storage
2026-10-04 12:57:26,943 - services.api_client - INFO - Generating new email address via Guerrilla Mail
2026-10-04 12:57:26,943 - services.api_client - INFO - Making GET request to Guerrilla Mail with params: {'f': 'get_email_address'}
2026-10-04 12:57:27,121 - services.api_client - INFO - Generated email: vbfyuicu@guerrillamailblock.com
2026-10-04 12:57:27,122 - utils.storage_utils - INFO - Loaded 0 users from storage
2026-10-04 12:57:27,126 - utils.storage_utils - INFO - Saved 1 users to storage
2026-10-04 12:57:27,126 - utils.storage_utils - INFO - Updated user 8042085312 with data: ['email', 'password', 'token', 'account_id', 'lang', 'updated_at', 'created_at']
2026-10-04 12:57:52,025 - utils.storage_utils - INFO - Loaded bot data from storage
2026-10-04 12:57:52,026 - utils.storage_utils - INFO - Loaded bot data from storage
2026-10-04 12:57:52,028 - routers.admin - INFO - Администратор 8042085312 открыл админ-панель
2026-10-04 12:57:55,726 - utils.storage_utils - INFO - Loaded bot data from storage
2026-10-04 12:57:55,727 - utils.storage_utils - INFO - Loaded bot data from storage
2026-10-04 12:57:55,729 - routers.admin - INFO - Администратор 8042085312 запросил статистику
2026-10-04 12:57:55,730 - utils.storage_utils - INFO - Loaded bot data from storage
2026-10-04 12:57:55,731 - utils.storage_utils - INFO - Loaded 1 users from storage
2026-10-04 12:57:55,732 - utils.storage_utils - INFO - Loaded bot data from storage
2026-10-04 12:57:55,735 - utils.storage_utils - INFO - Saved bot data to storage
2026-10-04 12:57:55,735 - utils.storage_utils - INFO - Updated bot stats: ['total_users', 'created_emails', 'total_broadcasts', 'created_at', 'updated_at']
2026-10-04 12:57:55,737 - utils.storage_utils - INFO - Loaded bot data from storage
2026-10-04 12:58:03,247 - utils.storage_utils - INFO - Loaded bot data from storage
2026-10-04 12:58:03,249 - utils.storage_utils - INFO - Loaded bot data from storage
2026-10-04 12:58:03,250 - routers.admin - INFO - Администратор 8042085312 запросил статистику
2026-10-04 12:58:03,252 - utils.storage_utils - INFO - Loaded bot data from storage
2026-10-04 12:58:03,253 - utils.storage_utils - INFO - Loaded 1 users from storage
2026-10-04 12:58:03,254 - utils.storage_utils - INFO - Loaded bot data from storage
2026-10-04 12:58:03,256 - utils.storage_utils - INFO - Saved bot data to storage
2026-10-04 12:58:03,257 - utils.storage_utils - INFO - Updated bot stats: ['total_users', 'created_emails', 'total_broadcasts', 'created_at', 'updated_at']
2026-10-04 12:58:03,258 - utils.storage_utils - INFO - Loaded bot data from storage
2026-10-04 12:58:09,514 - utils.storage_utils - INFO - Loaded bot data from storage
2026-10-04 12:58:09,516 - utils.storage_utils - INFO - Loaded bot data from storage
2026-10-04 12:58:11,283 - utils.storage_utils - INFO - Loaded bot data from storage
2026-10-04 12:58:11,284 - utils.storage_utils - INFO - Loaded 1 users from storage
2026-10-04 12:58:11,285 - utils.storage_utils - INFO - Retrieved user 8042085312: email=vbfyuicu@guerrillamailblock.com
2026-10-04 12:58:12,691 - utils.storage_utils - INFO - Loaded bot data from storage
2026-10-04 12:58:12,692 - utils.storage_utils - INFO - Loaded bot data from storage
2026-10-04 12:58:12,694 - routers.commands - INFO - Пользователь 8042085312 запросил просмотр писем
2026-10-04 12:58:12,695 - utils.storage_utils - INFO - Loaded 1 users from storage
2026-10-04 12:58:12,696 - utils.storage_utils - INFO - Retrieved user 8042085312: email=vbfyuicu@guerrillamailblock.com
2026-10-04 12:58:12,763 - services.api_client - INFO - Making GET request to Guerrilla Mail with params: {'f': 'get_email_list', 'offset': 0, 'sid_token': 'c65odgd36gcep3v2ksred7sm9u'}
2026-10-04 12:58:12,918 - routers.commands - ERROR - Error fetching messages for user 8042085312: 'str' object has no attribute 'get'
2026-10-04 13:04:41,278 - utils.storage_utils - INFO - Loaded bot data from storage
2026-10-04 13:04:41,525 - utils.storage_utils - INFO - Loaded bot data from storage
2026-10-04 13:04:41,649 - routers.commands - INFO - Пользователь 8042085312 запросил просмотр писем
2026-10-04 13:04:41,964 - utils.storage_utils - INFO - Loaded 1 users from storage
2026-10-04 13:04:42,185 - utils.storage_utils - INFO - Retrieved user 8042085312: email=vbfyuicu@guerrillamailblock.com
2026-10-04 13:04:42,271 - services.api_client - INFO - Making GET request to Guerrilla Mail with params: {'f': 'get_email_list', 'offset': 0, 'sid_token': 'c65odgd36gcep3v2ksred7sm9u'}
2026-10-04 13:04:42,513 - routers.commands - ERROR - Error fetching messages for user 8042085312: 'str' object has no attribute 'get'
2026-10-04 13:04:59,917 - utils.storage_utils - INFO - Loaded bot data from storage
2026-10-04 13:04:59,918 - utils.storage_utils - INFO - Loaded bot data from storage
2026-10-04 13:04:59,920 - routers.commands - INFO - Пользователь 8042085312 запросил удаление почты
2026-10-04 13:04:59,921 - utils.storage_utils - INFO - Loaded 1 users from storage
2026-10-04 13:04:59,922 - utils.storage_utils - INFO - Retrieved user 8042085312: email=vbfyuicu@guerrillamailblock.com
2026-10-04 13:05:01,031 - utils.storage_utils - INFO - Loaded bot data from storage
2026-10-04 13:05:01,032 - utils.storage_utils - INFO - Loaded bot data from storage
2026-10-04 13:05:04,305 - utils.storage_utils - INFO - Loaded bot data from storage
2026-10-04 13:05:04,306 - utils.storage_utils - INFO - Loaded bot data from storage
2026-10-04 13:05:04,307 - routers.commands - INFO - Пользователь 8042085312 запросил удаление почты
2026-10-04 13:05:04,308 - utils.storage_utils - INFO - Loaded 1 users from storage
2026-10-04 13:05:04,309 - utils.storage_utils - INFO - Retrieved user 8042085312: email=vbfyuicu@guerrillamailblock.com
2026-10-04 13:05:05,473 - utils.storage_utils - INFO - Loaded bot data from storage
2026-10-04 13:05:05,474 - utils.storage_utils - INFO - Loaded bot data from storage
2026-10-04 13:05:05,476 - utils.storage_utils - INFO - Loaded 1 users from storage
2026-10-04 13:05:05,477 - utils.storage_utils - INFO - Retrieved user 8042085312: email=vbfyuicu@guerrillamailblock.com
2026-10-04 13:05:05,478 - services.api_client - INFO - Guerrilla Mail session cleared for vbfyuicu@guerrillamailblock.com
2026-10-04 13:05:05,479 - utils.storage_utils - INFO - Loaded 1 users from storage
2026-10-04 13:05:05,481 - utils.storage_utils - INFO - Saved 0 users to storage
2026-10-04 13:05:05,481 - utils.storage_utils - INFO - Deleted user 8042085312 (email: vbfyuicu@guerrillamailblock.com)
2026-10-04 13:05:13,853 - aiogram.dispatcher - ERROR - Failed to fetch updates - TelegramNetworkError: HTTP Client says - ServerDisconnectedError: Server disconnected
2026-10-04 13:05:13,854 - aiogram.dispatcher - WARNING - Sleep for 1.000000 seconds and try again... (tryings = 0, bot id = 8578623874)
2026-10-04 13:05:14,108 - __main__ - INFO - Закрытие сессии бота...
2026-10-04 13:05:14,108 - __main__ - INFO - Бот остановлен
2026-10-04 13:05:14,113 - root - INFO - Бот остановлен вручную
2026-10-04 13:05:44,447 - utils.translator - INFO - Loaded locale: en
2026-10-04 13:05:44,448 - utils.translator - INFO - Loaded locale: ru
2026-10-04 13:05:44,450 - __main__ - INFO - Запуск бота...
2026-10-04 13:05:44,968 - __main__ - INFO - Команды бота зарегистрированы
2026-10-04 13:05:45,197 - asyncio - ERROR - Unclosed client session
client_session: <aiohttp.client.ClientSession object at 0x00000218D8E6EA50>
2026-10-04 13:05:45,198 - asyncio - ERROR - Unclosed connector
connections: ['deque([(<aiohttp.client_proto.ResponseHandler object at 0x00000218D8ED0500>, 9753.6578906)])']
connector: <aiohttp.connector.TCPConnector object at 0x00000218D8E6E7B0>
2026-10-04 13:07:14,421 - utils.translator - INFO - Loaded locale: en
2026-10-04 13:07:14,422 - utils.translator - INFO - Loaded locale: ru
2026-10-04 13:07:14,423 - __main__ - INFO - Запуск бота...
2026-10-04 13:07:14,967 - __main__ - INFO - Команды бота зарегистрированы
2026-10-04 13:07:14,969 - __main__ - INFO - Бот успешно инициализирован
2026-10-04 13:07:14,970 - __main__ - INFO - Бот запущен и готов к работе! Нажмите Ctrl+C для остановки.
2026-10-04 13:07:21,425 - utils.storage_utils - INFO - Loaded bot data from storage
2026-10-04 13:07:21,427 - utils.storage_utils - INFO - Loaded bot data from storage
2026-10-04 13:07:21,427 - routers.commands - INFO - Пользователь 8042085312 запросил создание новой почты
2026-10-04 13:07:21,429 - utils.storage_utils - INFO - Loaded 0 users from storage
2026-10-04 13:07:21,429 - utils.storage_utils - INFO - User 8042085312 not found in storage
2026-10-04 13:07:21,628 - services.api_client - INFO - Generating new email address via Guerrilla Mail
2026-10-04 13:07:21,629 - services.api_client - INFO - Making GET request to Guerrilla Mail with params: {'f': 'get_email_address'}
2026-10-04 13:07:21,846 - services.api_client - INFO - Generated email: nekmczqi@guerrillamailblock.com
2026-10-04 13:07:21,847 - utils.storage_utils - INFO - Loaded 0 users from storage
2026-10-04 13:07:21,851 - utils.storage_utils - INFO - Saved 1 users to storage
2026-10-04 13:07:21,851 - utils.storage_utils - INFO - Updated user 8042085312 with data: ['email', 'password', 'token', 'account_id', 'lang', 'updated_at', 'created_at']
2026-10-04 13:07:42,647 - utils.storage_utils - INFO - Loaded bot data from storage
2026-10-04 13:07:42,648 - utils.storage_utils - INFO - Loaded bot data from storage
2026-10-04 13:07:42,650 - routers.commands - INFO - Пользователь 8042085312 запросил просмотр писем
2026-10-04 13:07:42,652 - utils.storage_utils - INFO - Loaded 1 users from storage
2026-10-04 13:07:42,652 - utils.storage_utils - INFO - Retrieved user 8042085312: email=nekmczqi@guerrillamailblock.com
2026-10-04 13:07:42,752 - services.api_client - INFO - Making GET request to Guerrilla Mail with params: {'f': 'get_email_list', 'offset': 0, 'sid_token': 'v8t517r0f679jlpk3tiken2sa1'}
2026-10-04 13:07:42,893 - routers.commands - ERROR - Error fetching messages for user 8042085312: 'str' object has no attribute 'get'
2026-10-04 13:12:33,885 - aiogram.dispatcher - ERROR - Failed to fetch updates - TelegramNetworkError: HTTP Client says - ServerDisconnectedError: Server disconnected
2026-10-04 13:12:33,885 - aiogram.dispatcher - WARNING - Sleep for 1.000000 seconds and try again... (tryings = 0, bot id = 8578623874)
2026-10-04 13:12:34,145 - __main__ - INFO - Закрытие сессии бота...
2026-10-04 13:12:34,146 - __main__ - INFO - Бот остановлен
2026-10-04 13:12:34,152 - root - INFO - Бот остановлен вручную
2026-10-04 14:48:23,924 - utils.translator - INFO - Loaded locale: en
2026-10-04 14:48:23,925 - utils.translator - INFO - Loaded locale: ru
2026-10-04 14:48:23,925 - __main__ - INFO - Запуск бота...
2026-10-04 14:48:24,507 - __main__ - INFO - Команды бота зарегистрированы
2026-10-04 14:48:24,510 - __main__ - INFO - Бот успешно инициализирован
2026-10-04 14:48:24,510 - __main__ - INFO - Бот запущен и готов к работе! Нажмите Ctrl+C для остановки.
2026-10-04 14:48:50,554 - utils.storage_utils - INFO - Loaded bot data from storage
2026-10-04 14:48:50,555 - utils.storage_utils - INFO - Loaded bot data from storage
2026-10-04 14:48:50,556 - routers.commands - INFO - Пользователь 8042085312 запустил бота
2026-10-04 14:48:51,918 - utils.storage_utils - INFO - Loaded bot data from storage
2026-10-04 14:48:51,919 - utils.storage_utils - INFO - Loaded bot data from storage
2026-10-04 14:48:51,920 - routers.language - INFO - Пользователь 8042085312 выбрал язык: ru
2026-10-04 14:48:51,921 - utils.storage_utils - INFO - Loaded bot data from storage
2026-10-04 14:48:51,923 - utils.storage_utils - INFO - Saved bot data to storage
2026-10-04 14:48:51,923 - utils.storage_utils - INFO - Set language for user 8042085312: ru
2026-10-04 14:48:56,697 - utils.storage_utils - INFO - Loaded bot data from storage
2026-10-04 14:48:56,698 - utils.storage_utils - INFO - Loaded bot data from storage
2026-10-04 14:48:56,698 - routers.admin - INFO - Администратор 8042085312 запросил статистику
2026-10-04 14:48:56,699 - utils.storage_utils - INFO - Loaded bot data from storage
2026-10-04 14:48:56,700 - utils.storage_utils - INFO - Loaded 1 users from storage
2026-10-04 14:48:56,701 - utils.storage_utils - INFO - Loaded bot data from storage
2026-10-04 14:48:56,702 - utils.storage_utils - INFO - Saved bot data to storage
2026-10-04 14:48:56,703 - utils.storage_utils - INFO - Updated bot stats: ['total_users', 'created_emails', 'total_broadcasts', 'created_at', 'updated_at']
2026-10-04 14:48:56,703 - utils.storage_utils - INFO - Loaded bot data from storage
2026-10-04 14:48:59,020 - utils.storage_utils - INFO - Loaded bot data from storage
2026-10-04 14:48:59,021 - utils.storage_utils - INFO - Loaded bot data from storage
2026-10-04 14:48:59,023 - routers.admin - INFO - Администратор 8042085312 открыл админ-панель
2026-10-04 14:49:01,332 - utils.storage_utils - INFO - Loaded bot data from storage
2026-10-04 14:49:01,333 - utils.storage_utils - INFO - Loaded bot data from storage
2026-10-04 14:49:04,248 - utils.storage_utils - INFO - Loaded bot data from storage
2026-10-04 14:49:04,249 - utils.storage_utils - INFO - Loaded bot data from storage
2026-10-04 14:49:04,251 - routers.commands - INFO - Пользователь 8042085312 запросил создание новой почты
2026-10-04 14:49:04,253 - utils.storage_utils - INFO - Loaded 1 users from storage
2026-10-04 14:49:04,253 - utils.storage_utils - INFO - Retrieved user 8042085312: email=nekmczqi@guerrillamailblock.com
2026-10-04 14:49:08,178 - utils.storage_utils - INFO - Loaded bot data from storage
2026-10-04 14:49:08,179 - utils.storage_utils - INFO - Loaded bot data from storage
2026-10-04 14:49:10,656 - utils.storage_utils - INFO - Loaded bot data from storage
2026-10-04 14:49:10,658 - utils.storage_utils - INFO - Loaded bot data from storage
2026-10-04 14:49:10,659 - routers.commands - INFO - Пользователь 8042085312 запросил просмотр писем
2026-10-04 14:49:10,661 - utils.storage_utils - INFO - Loaded 1 users from storage
2026-10-04 14:49:10,661 - utils.storage_utils - INFO - Retrieved user 8042085312: email=nekmczqi@guerrillamailblock.com
2026-10-04 14:49:10,730 - services.api_client - INFO - Making GET request to Guerrilla Mail with params: {'f': 'get_email_list', 'offset': 0, 'sid_token': 'v8t517r0f679jlpk3tiken2sa1'}
2026-10-04 14:49:37,271 - utils.storage_utils - INFO - Loaded bot data from storage
2026-10-04 14:49:37,272 - utils.storage_utils - INFO - Loaded bot data from storage
2026-10-04 14:49:37,274 - routers.commands - INFO - Пользователь 8042085312 запросил просмотр писем
2026-10-04 14:49:37,275 - utils.storage_utils - INFO - Loaded 1 users from storage
2026-10-04 14:49:37,276 - utils.storage_utils - INFO - Retrieved user 8042085312: email=nekmczqi@guerrillamailblock.com
2026-10-04 14:49:37,340 - services.api_client - INFO - Making GET request to Guerrilla Mail with params: {'f': 'get_email_list', 'offset': 0, 'sid_token': 'v8t517r0f679jlpk3tiken2sa1'}
2026-10-04 14:49:41,018 - utils.storage_utils - INFO - Loaded bot data from storage
2026-10-04 14:49:41,020 - utils.storage_utils - INFO - Loaded bot data from storage
2026-10-04 14:49:41,021 - routers.commands - INFO - Пользователь 8042085312 запросил просмотр писем
2026-10-04 14:49:41,023 - utils.storage_utils - INFO - Loaded 1 users from storage
2026-10-04 14:49:41,024 - utils.storage_utils - INFO - Retrieved user 8042085312: email=nekmczqi@guerrillamailblock.com
2026-10-04 14:49:41,090 - services.api_client - INFO - Making GET request to Guerrilla Mail with params: {'f': 'get_email_list', 'offset': 0, 'sid_token': 'v8t517r0f679jlpk3tiken2sa1'}
